18:45:58 [V9] 5-min : 209,599 bars | 2015-01-09 \u2192 2026-06-04
18:45:58 [V9] 15-min: 70,079 bars | 2015-01-09 \u2192 2026-06-04
18:45:59 [V9] 30-min: 36,490 bars | 2015-01-09 \u2192 2026-06-04
18:45:59 [V9] 60min: 19,665 bars | 2015-01-09 \u2192 2026-06-04
18:45:59 [V9] Daily: 2,830 bars | 2015-01-01 \u2192 2026-06-04
18:46:19 [V9]   DTE+expiry_dow computed from 119 real historical expiries
18:46:19 [V9]   5-min features computed: 98 cols
18:46:19 [V9]   15-min features: 14 cols
18:46:21 [V9]   30-min features: 7 cols
18:46:29 [V9]   60-min features: 13 cols
18:46:30 [V9]   Daily features: 17 cols
18:46:31 [V9] VIX : 3,925 days | 2010-07-23 \u2192 2026-06-04
18:46:31 [V9]   VIX features: 15 cols (with options-pricing additions)
18:46:32 [V9]   Intraday VWAP: using SPOT PROXY (no futures data) — marked _proxy
18:46:48 [V9]   Thresholds: AM=0.00126 MID=0.00093 PM=0.00145
18:46:48 [V9]   Causal threshold [AM] final = 0.00169 (vs global 0.00126)
18:46:53 [V9]   Thresholds: AM=0.00126 MID=0.00093 PM=0.00145
18:46:53 [V9]   Causal threshold [MID] final = 0.00093 (vs global 0.00093)
18:46:57 [V9]   Thresholds: AM=0.00126 MID=0.00093 PM=0.00145
18:46:57 [V9]   Causal threshold [PM] final = 0.00119 (vs global 0.00145)
18:46:57 [V9]   VIX>35 forced SKIP: 3,225 bars
18:46:57 [V9]   RSI+ADX zones: normal=34,160 | oversold->PUT=2,131 oversold->CALL=431 | overbought->CALL=2,096 overbought->PUT=371
18:46:57 [V9]   Labels: CALL=18,127 PUT=19,492 SKIP=171,980
