[pre-flight] Windows sleep prevention: True
[Phase 5 / Fold 1] discover brains ...
  brains: ['cat', 'lgb', 'mlp', 'xgb']
  ensembles: ['confidence', 'mean', 'median', 'min_variance', 'performance', 'stacking', 'uncertainty', 'weighted']
[Phase 5 / Fold 1] build_frame for OOF ...
Building V9 (leak-fixed) feature + label frame...
22:08:16 [V9] 5-min : 209,599 bars | 2015-01-09 \u2192 2026-06-04
22:08:16 [V9] 15-min: 70,079 bars | 2015-01-09 \u2192 2026-06-04
22:08:16 [V9] 30-min: 36,490 bars | 2015-01-09 \u2192 2026-06-04
22:08:16 [V9] 60min: 19,665 bars | 2015-01-09 \u2192 2026-06-04
22:08:16 [V9] Daily: 2,830 bars | 2015-01-01 \u2192 2026-06-04
22:08:20 [V9]   DTE+expiry_dow computed from 119 real historical expiries
22:08:20 [V9]   5-min features computed: 98 cols
22:08:20 [V9]   15-min features: 14 cols
22:08:21 [V9]   30-min features: 7 cols
22:08:23 [V9]   60-min features: 13 cols
22:08:23 [V9]   Daily features: 17 cols
22:08:24 [V9] VIX : 3,925 days | 2010-07-23 \u2192 2026-06-04
22:08:24 [V9]   VIX features: 15 cols (with options-pricing additions)
22:08:24 [V9]   Intraday VWAP: using SPOT PROXY (no futures data) — marked _proxy
22:08:27 [V9]   Thresholds: AM=0.00126 MID=0.00093 PM=0.00145
22:08:27 [V9]   Causal threshold [AM] final = 0.00169 (vs global 0.00126)
22:08:28 [V9]   Thresholds: AM=0.00126 MID=0.00093 PM=0.00145
22:08:28 [V9]   Causal threshold [MID] final = 0.00093 (vs global 0.00093)
22:08:29 [V9]   Thresholds: AM=0.00126 MID=0.00093 PM=0.00145
22:08:29 [V9]   Causal threshold [PM] final = 0.00119 (vs global 0.00145)
22:08:29 [V9]   VIX>35 forced SKIP: 3,225 bars
22:08:29 [V9]   RSI+ADX zones: normal=34,160 | oversold->PUT=2,131 oversold->CALL=431 | overbought->CALL=2,096 overbought->PUT=371
22:08:29 [V9]   Labels: CALL=18,127 PUT=19,492 SKIP=171,980
  Frame: 209,076 bars x 184 features | 2015-01-21 -> 2026-06-04
  TRAIN LABEL DISTRIBUTION:
    CALL    8.6%
    PUT     9.3%
    SKIP   82.1%
  OOF: cat
  OOF: lgb
  OOF: mlp
  OOF: xgb
[Phase 5] ensemble=confidence
  confidence: n_trades=0  fit=0.01s transform=0.00s
[Phase 5] ensemble=mean
  mean: n_trades=0  fit=0.00s transform=0.00s
[Phase 5] ensemble=median
  median: n_trades=0  fit=0.01s transform=0.01s
[Phase 5] ensemble=min_variance
  min_variance: n_trades=0  fit=0.01s transform=0.00s
[Phase 5] ensemble=performance
  performance: n_trades=0  fit=0.01s transform=0.00s
[Phase 5] ensemble=stacking
  stacking: n_trades=3  fit=0.71s transform=0.00s
[Phase 5] ensemble=uncertainty
  uncertainty: n_trades=0  fit=0.02s transform=0.00s
[Phase 5] ensemble=weighted
  weighted: n_trades=0  fit=0.00s transform=0.00s
[Phase 5 / Fold 2] discover brains ...
  brains: ['cat', 'lgb', 'mlp', 'xgb']
  ensembles: ['confidence', 'mean', 'median', 'min_variance', 'performance', 'stacking', 'uncertainty', 'weighted']
[Phase 5 / Fold 2] build_frame for OOF ...
Building V9 (leak-fixed) feature + label frame...
22:39:50 [V9] 5-min : 209,599 bars | 2015-01-09 \u2192 2026-06-04
22:39:50 [V9] 15-min: 70,079 bars | 2015-01-09 \u2192 2026-06-04
22:39:50 [V9] 30-min: 36,490 bars | 2015-01-09 \u2192 2026-06-04
22:39:50 [V9] 60min: 19,665 bars | 2015-01-09 \u2192 2026-06-04
22:39:50 [V9] Daily: 2,830 bars | 2015-01-01 \u2192 2026-06-04
22:39:54 [V9]   DTE+expiry_dow computed from 119 real historical expiries
22:39:54 [V9]   5-min features computed: 98 cols
22:39:54 [V9]   15-min features: 14 cols
22:39:54 [V9]   30-min features: 7 cols
22:39:56 [V9]   60-min features: 13 cols
22:39:57 [V9]   Daily features: 17 cols
22:39:57 [V9] VIX : 3,925 days | 2010-07-23 \u2192 2026-06-04
22:39:57 [V9]   VIX features: 15 cols (with options-pricing additions)
22:39:57 [V9]   Intraday VWAP: using SPOT PROXY (no futures data) — marked _proxy
22:40:01 [V9]   Thresholds: AM=0.00126 MID=0.00093 PM=0.00145
22:40:01 [V9]   Causal threshold [AM] final = 0.00169 (vs global 0.00126)
22:40:02 [V9]   Thresholds: AM=0.00126 MID=0.00093 PM=0.00145
22:40:02 [V9]   Causal threshold [MID] final = 0.00093 (vs global 0.00093)
22:40:03 [V9]   Thresholds: AM=0.00126 MID=0.00093 PM=0.00145
22:40:03 [V9]   Causal threshold [PM] final = 0.00119 (vs global 0.00145)
22:40:03 [V9]   VIX>35 forced SKIP: 3,225 bars
22:40:03 [V9]   RSI+ADX zones: normal=34,160 | oversold->PUT=2,131 oversold->CALL=431 | overbought->CALL=2,096 overbought->PUT=371
22:40:03 [V9]   Labels: CALL=18,127 PUT=19,492 SKIP=171,980
  Frame: 209,076 bars x 184 features | 2015-01-21 -> 2026-06-04
  TRAIN LABEL DISTRIBUTION:
    CALL    8.6%
    PUT     9.3%
    SKIP   82.1%
  OOF: cat
  OOF: lgb
  OOF: mlp
  OOF: xgb
[Phase 5] ensemble=confidence
  confidence: n_trades=2  fit=0.02s transform=0.01s
[Phase 5] ensemble=mean
  mean: n_trades=3  fit=0.01s transform=0.00s
[Phase 5] ensemble=median
  median: n_trades=6  fit=0.01s transform=0.00s
[Phase 5] ensemble=min_variance
  min_variance: n_trades=0  fit=0.03s transform=0.00s
[Phase 5] ensemble=performance
  performance: n_trades=8  fit=0.02s transform=0.00s
[Phase 5] ensemble=stacking
  stacking: n_trades=8  fit=2.28s transform=0.00s
[Phase 5] ensemble=uncertainty
  uncertainty: n_trades=2  fit=0.01s transform=0.00s
[Phase 5] ensemble=weighted
  weighted: n_trades=3  fit=0.01s transform=0.00s
[Phase 5 / Fold 3] discover brains ...
  brains: ['cat', 'lgb', 'mlp', 'xgb']
  ensembles: ['confidence', 'mean', 'median', 'min_variance', 'performance', 'stacking', 'uncertainty', 'weighted']
[Phase 5 / Fold 3] build_frame for OOF ...
Building V9 (leak-fixed) feature + label frame...
23:59:04 [V9] 5-min : 209,599 bars | 2015-01-09 \u2192 2026-06-04
23:59:05 [V9] 15-min: 70,079 bars | 2015-01-09 \u2192 2026-06-04
23:59:05 [V9] 30-min: 36,490 bars | 2015-01-09 \u2192 2026-06-04
23:59:05 [V9] 60min: 19,665 bars | 2015-01-09 \u2192 2026-06-04
23:59:05 [V9] Daily: 2,830 bars | 2015-01-01 \u2192 2026-06-04
23:59:15 [V9]   DTE+expiry_dow computed from 119 real historical expiries
23:59:15 [V9]   5-min features computed: 98 cols
23:59:15 [V9]   15-min features: 14 cols
23:59:16 [V9]   30-min features: 7 cols
23:59:21 [V9]   60-min features: 13 cols
23:59:22 [V9]   Daily features: 17 cols
23:59:22 [V9] VIX : 3,925 days | 2010-07-23 \u2192 2026-06-04
23:59:22 [V9]   VIX features: 15 cols (with options-pricing additions)
23:59:23 [V9]   Intraday VWAP: using SPOT PROXY (no futures data) — marked _proxy
23:59:30 [V9]   Thresholds: AM=0.00126 MID=0.00093 PM=0.00145
23:59:30 [V9]   Causal threshold [AM] final = 0.00169 (vs global 0.00126)
23:59:33 [V9]   Thresholds: AM=0.00126 MID=0.00093 PM=0.00145
23:59:33 [V9]   Causal threshold [MID] final = 0.00093 (vs global 0.00093)
23:59:35 [V9]   Thresholds: AM=0.00126 MID=0.00093 PM=0.00145
23:59:35 [V9]   Causal threshold [PM] final = 0.00119 (vs global 0.00145)
23:59:35 [V9]   VIX>35 forced SKIP: 3,225 bars
23:59:35 [V9]   RSI+ADX zones: normal=34,160 | oversold->PUT=2,131 oversold->CALL=431 | overbought->CALL=2,096 overbought->PUT=371
23:59:35 [V9]   Labels: CALL=18,127 PUT=19,492 SKIP=171,980
  Frame: 209,076 bars x 184 features | 2015-01-21 -> 2026-06-04
  TRAIN LABEL DISTRIBUTION:
    CALL    8.6%
    PUT     9.3%
    SKIP   82.1%
  OOF: cat
  OOF: lgb
  OOF: mlp
[pre-flight] Windows sleep prevention: True
[fold 1] all ensembles cached; skipping
[fold 2] all ensembles cached; skipping
[Phase 5 / Fold 3] discover brains ...
  brains: ['cat', 'lgb', 'mlp', 'xgb']
  ensembles: ['confidence', 'mean', 'median', 'min_variance', 'performance', 'stacking', 'uncertainty', 'weighted']
[Phase 5 / Fold 3] build_frame for OOF ...
Building V9 (leak-fixed) feature + label frame...
11:33:20 [V9] 5-min : 209,599 bars | 2015-01-09 \u2192 2026-06-04
11:33:20 [V9] 15-min: 70,079 bars | 2015-01-09 \u2192 2026-06-04
11:33:20 [V9] 30-min: 36,490 bars | 2015-01-09 \u2192 2026-06-04
11:33:20 [V9] 60min: 19,665 bars | 2015-01-09 \u2192 2026-06-04
11:33:20 [V9] Daily: 2,830 bars | 2015-01-01 \u2192 2026-06-04
11:33:24 [V9]   DTE+expiry_dow computed from 119 real historical expiries
11:33:24 [V9]   5-min features computed: 98 cols
11:33:24 [V9]   15-min features: 14 cols
11:33:25 [V9]   30-min features: 7 cols
11:33:27 [V9]   60-min features: 13 cols
11:33:27 [V9]   Daily features: 17 cols
11:33:27 [V9] VIX : 3,925 days | 2010-07-23 \u2192 2026-06-04
11:33:27 [V9]   VIX features: 15 cols (with options-pricing additions)
11:33:28 [V9]   Intraday VWAP: using SPOT PROXY (no futures data) — marked _proxy
11:33:31 [V9]   Thresholds: AM=0.00126 MID=0.00093 PM=0.00145
11:33:31 [V9]   Causal threshold [AM] final = 0.00169 (vs global 0.00126)
11:33:32 [V9]   Thresholds: AM=0.00126 MID=0.00093 PM=0.00145
11:33:32 [V9]   Causal threshold [MID] final = 0.00093 (vs global 0.00093)
11:33:33 [V9]   Thresholds: AM=0.00126 MID=0.00093 PM=0.00145
11:33:33 [V9]   Causal threshold [PM] final = 0.00119 (vs global 0.00145)
11:33:33 [V9]   VIX>35 forced SKIP: 3,225 bars
11:33:33 [V9]   RSI+ADX zones: normal=34,160 | oversold->PUT=2,131 oversold->CALL=431 | overbought->CALL=2,096 overbought->PUT=371
11:33:33 [V9]   Labels: CALL=18,127 PUT=19,492 SKIP=171,980
  Frame: 209,076 bars x 184 features | 2015-01-21 -> 2026-06-04
  TRAIN LABEL DISTRIBUTION:
    CALL    8.6%
    PUT     9.3%
    SKIP   82.1%
  OOF: cat
  OOF: lgb
  OOF: mlp
  OOF: xgb
[Phase 5] ensemble=confidence
  confidence: n_trades=0  fit=0.02s transform=0.01s
[Phase 5] ensemble=mean
  mean: n_trades=0  fit=0.01s transform=0.00s
[Phase 5] ensemble=median
  median: n_trades=1  fit=0.00s transform=0.02s
[Phase 5] ensemble=min_variance
  min_variance: n_trades=4  fit=0.03s transform=0.00s
[Phase 5] ensemble=performance
  performance: n_trades=2  fit=0.02s transform=0.00s
[Phase 5] ensemble=stacking
  stacking: n_trades=16  fit=0.46s transform=0.00s
[Phase 5] ensemble=uncertainty
  uncertainty: n_trades=0  fit=0.00s transform=0.00s
[Phase 5] ensemble=weighted
  weighted: n_trades=0  fit=0.01s transform=0.00s
[Phase 5 / Fold 4] discover brains ...
  brains: ['cat', 'lgb', 'mlp', 'xgb']
  ensembles: ['confidence', 'mean', 'median', 'min_variance', 'performance', 'stacking', 'uncertainty', 'weighted']
[Phase 5 / Fold 4] build_frame for OOF ...
Building V9 (leak-fixed) feature + label frame...
12:57:20 [V9] 5-min : 209,599 bars | 2015-01-09 \u2192 2026-06-04
12:57:20 [V9] 15-min: 70,079 bars | 2015-01-09 \u2192 2026-06-04
12:57:20 [V9] 30-min: 36,490 bars | 2015-01-09 \u2192 2026-06-04
12:57:20 [V9] 60min: 19,665 bars | 2015-01-09 \u2192 2026-06-04
12:57:20 [V9] Daily: 2,830 bars | 2015-01-01 \u2192 2026-06-04
12:57:24 [V9]   DTE+expiry_dow computed from 119 real historical expiries
12:57:24 [V9]   5-min features computed: 98 cols
12:57:24 [V9]   15-min features: 14 cols
12:57:24 [V9]   30-min features: 7 cols
12:57:26 [V9]   60-min features: 13 cols
12:57:27 [V9]   Daily features: 17 cols
12:57:27 [V9] VIX : 3,925 days | 2010-07-23 \u2192 2026-06-04
12:57:27 [V9]   VIX features: 15 cols (with options-pricing additions)
12:57:27 [V9]   Intraday VWAP: using SPOT PROXY (no futures data) — marked _proxy
12:57:30 [V9]   Thresholds: AM=0.00126 MID=0.00093 PM=0.00145
12:57:30 [V9]   Causal threshold [AM] final = 0.00169 (vs global 0.00126)
12:57:31 [V9]   Thresholds: AM=0.00126 MID=0.00093 PM=0.00145
12:57:31 [V9]   Causal threshold [MID] final = 0.00093 (vs global 0.00093)
12:57:32 [V9]   Thresholds: AM=0.00126 MID=0.00093 PM=0.00145
12:57:32 [V9]   Causal threshold [PM] final = 0.00119 (vs global 0.00145)
12:57:32 [V9]   VIX>35 forced SKIP: 3,225 bars
12:57:32 [V9]   RSI+ADX zones: normal=34,160 | oversold->PUT=2,131 oversold->CALL=431 | overbought->CALL=2,096 overbought->PUT=371
12:57:32 [V9]   Labels: CALL=18,127 PUT=19,492 SKIP=171,980
  Frame: 209,076 bars x 184 features | 2015-01-21 -> 2026-06-04
  TRAIN LABEL DISTRIBUTION:
    CALL    8.6%
    PUT     9.3%
    SKIP   82.1%
  OOF: cat
  OOF: lgb
  OOF: mlp
  OOF: xgb
[Phase 5] ensemble=confidence
  confidence: n_trades=4  fit=0.01s transform=0.00s
[Phase 5] ensemble=mean
  mean: n_trades=5  fit=0.00s transform=0.00s
[Phase 5] ensemble=median
  median: n_trades=7  fit=0.00s transform=0.00s
[Phase 5] ensemble=min_variance
  min_variance: n_trades=8  fit=0.01s transform=0.00s
[Phase 5] ensemble=performance
  performance: n_trades=10  fit=0.01s transform=0.00s
[Phase 5] ensemble=stacking
  stacking: n_trades=18  fit=0.35s transform=0.00s
[Phase 5] ensemble=uncertainty
  uncertainty: n_trades=4  fit=0.01s transform=0.00s
[Phase 5] ensemble=weighted
  weighted: n_trades=5  fit=0.00s transform=0.00s
[Phase 5 / Fold 5] discover brains ...
  brains: ['cat', 'lgb', 'mlp', 'xgb']
  ensembles: ['confidence', 'mean', 'median', 'min_variance', 'performance', 'stacking', 'uncertainty', 'weighted']
[Phase 5 / Fold 5] build_frame for OOF ...
Building V9 (leak-fixed) feature + label frame...
14:05:32 [V9] 5-min : 209,599 bars | 2015-01-09 \u2192 2026-06-04
14:05:32 [V9] 15-min: 70,079 bars | 2015-01-09 \u2192 2026-06-04
14:05:32 [V9] 30-min: 36,490 bars | 2015-01-09 \u2192 2026-06-04
14:05:32 [V9] 60min: 19,665 bars | 2015-01-09 \u2192 2026-06-04
14:05:32 [V9] Daily: 2,830 bars | 2015-01-01 \u2192 2026-06-04
14:05:42 [V9]   DTE+expiry_dow computed from 119 real historical expiries
14:05:42 [V9]   5-min features computed: 98 cols
14:05:43 [V9]   15-min features: 14 cols
14:05:43 [V9]   30-min features: 7 cols
14:05:48 [V9]   60-min features: 13 cols
14:05:49 [V9]   Daily features: 17 cols
14:05:49 [V9] VIX : 3,925 days | 2010-07-23 \u2192 2026-06-04
14:05:49 [V9]   VIX features: 15 cols (with options-pricing additions)
14:05:50 [V9]   Intraday VWAP: using SPOT PROXY (no futures data) — marked _proxy
14:05:58 [V9]   Thresholds: AM=0.00126 MID=0.00093 PM=0.00145
14:05:58 [V9]   Causal threshold [AM] final = 0.00169 (vs global 0.00126)
14:06:00 [V9]   Thresholds: AM=0.00126 MID=0.00093 PM=0.00145
14:06:00 [V9]   Causal threshold [MID] final = 0.00093 (vs global 0.00093)
14:06:02 [V9]   Thresholds: AM=0.00126 MID=0.00093 PM=0.00145
14:06:02 [V9]   Causal threshold [PM] final = 0.00119 (vs global 0.00145)
14:06:02 [V9]   VIX>35 forced SKIP: 3,225 bars
14:06:02 [V9]   RSI+ADX zones: normal=34,160 | oversold->PUT=2,131 oversold->CALL=431 | overbought->CALL=2,096 overbought->PUT=371
14:06:02 [V9]   Labels: CALL=18,127 PUT=19,492 SKIP=171,980
  Frame: 209,076 bars x 184 features | 2015-01-21 -> 2026-06-04
  TRAIN LABEL DISTRIBUTION:
    CALL    8.6%
    PUT     9.3%
    SKIP   82.1%
  OOF: cat
  OOF: lgb
  OOF: mlp
  OOF: xgb
[Phase 5] ensemble=confidence
  confidence: n_trades=0  fit=0.02s transform=0.00s
[Phase 5] ensemble=mean
  mean: n_trades=0  fit=0.02s transform=0.00s
[Phase 5] ensemble=median
  median: n_trades=0  fit=0.02s transform=0.00s
[Phase 5] ensemble=min_variance
  min_variance: n_trades=0  fit=0.00s transform=0.00s
[Phase 5] ensemble=performance
  performance: n_trades=0  fit=0.02s transform=0.00s
[Phase 5] ensemble=stacking
  stacking: n_trades=0  fit=0.47s transform=0.00s
[Phase 5] ensemble=uncertainty
  uncertainty: n_trades=0  fit=0.00s transform=0.00s
[Phase 5] ensemble=weighted
  weighted: n_trades=0  fit=0.00s transform=0.00s
[Phase 5 / Fold 6] discover brains ...
  brains: ['cat', 'lgb', 'mlp', 'xgb']
  ensembles: ['confidence', 'mean', 'median', 'min_variance', 'performance', 'stacking', 'uncertainty', 'weighted']
[Phase 5 / Fold 6] build_frame for OOF ...
Building V9 (leak-fixed) feature + label frame...
14:45:09 [V9] 5-min : 209,599 bars | 2015-01-09 \u2192 2026-06-04
14:45:09 [V9] 15-min: 70,079 bars | 2015-01-09 \u2192 2026-06-04
14:45:09 [V9] 30-min: 36,490 bars | 2015-01-09 \u2192 2026-06-04
14:45:09 [V9] 60min: 19,665 bars | 2015-01-09 \u2192 2026-06-04
14:45:09 [V9] Daily: 2,830 bars | 2015-01-01 \u2192 2026-06-04
14:45:12 [V9]   DTE+expiry_dow computed from 119 real historical expiries
14:45:12 [V9]   5-min features computed: 98 cols
14:45:12 [V9]   15-min features: 14 cols
14:45:12 [V9]   30-min features: 7 cols
14:45:14 [V9]   60-min features: 13 cols
14:45:14 [V9]   Daily features: 17 cols
14:45:14 [V9] VIX : 3,925 days | 2010-07-23 \u2192 2026-06-04
14:45:14 [V9]   VIX features: 15 cols (with options-pricing additions)
14:45:15 [V9]   Intraday VWAP: using SPOT PROXY (no futures data) — marked _proxy
14:45:17 [V9]   Thresholds: AM=0.00126 MID=0.00093 PM=0.00145
14:45:17 [V9]   Causal threshold [AM] final = 0.00169 (vs global 0.00126)
14:45:18 [V9]   Thresholds: AM=0.00126 MID=0.00093 PM=0.00145
14:45:18 [V9]   Causal threshold [MID] final = 0.00093 (vs global 0.00093)
14:45:18 [V9]   Thresholds: AM=0.00126 MID=0.00093 PM=0.00145
14:45:18 [V9]   Causal threshold [PM] final = 0.00119 (vs global 0.00145)
14:45:18 [V9]   VIX>35 forced SKIP: 3,225 bars
14:45:18 [V9]   RSI+ADX zones: normal=34,160 | oversold->PUT=2,131 oversold->CALL=431 | overbought->CALL=2,096 overbought->PUT=371
14:45:18 [V9]   Labels: CALL=18,127 PUT=19,492 SKIP=171,980
  Frame: 209,076 bars x 184 features | 2015-01-21 -> 2026-06-04
  TRAIN LABEL DISTRIBUTION:
    CALL    8.6%
    PUT     9.3%
    SKIP   82.1%
  OOF: cat
  OOF: lgb
  OOF: mlp
