Building V9 (leak-fixed) feature + label frame...
20:18:02 [V9] 5-min : 209,599 bars | 2015-01-09 \u2192 2026-06-04
20:18:02 [V9] 15-min: 70,079 bars | 2015-01-09 \u2192 2026-06-04
20:18:02 [V9] 30-min: 36,490 bars | 2015-01-09 \u2192 2026-06-04
20:18:02 [V9] 60min: 19,665 bars | 2015-01-09 \u2192 2026-06-04
20:18:02 [V9] Daily: 2,830 bars | 2015-01-01 \u2192 2026-06-04
20:18:05 [V9]   DTE+expiry_dow computed from 119 real historical expiries
20:18:05 [V9]   5-min features computed: 98 cols
20:18:05 [V9]   15-min features: 14 cols
20:18:05 [V9]   30-min features: 7 cols
20:18:07 [V9]   60-min features: 13 cols
20:18:08 [V9]   Daily features: 17 cols
20:18:08 [V9] VIX : 3,925 days | 2010-07-23 \u2192 2026-06-04
20:18:08 [V9]   VIX features: 15 cols (with options-pricing additions)
20:18:08 [V9]   Intraday VWAP: using SPOT PROXY (no futures data) — marked _proxy
20:18:10 [V9]   Thresholds: AM=0.00126 MID=0.00093 PM=0.00145
20:18:10 [V9]   Causal threshold [AM] final = 0.00169 (vs global 0.00126)
20:18:11 [V9]   Thresholds: AM=0.00126 MID=0.00093 PM=0.00145
20:18:11 [V9]   Causal threshold [MID] final = 0.00093 (vs global 0.00093)
20:18:12 [V9]   Thresholds: AM=0.00126 MID=0.00093 PM=0.00145
20:18:12 [V9]   Causal threshold [PM] final = 0.00119 (vs global 0.00145)
20:18:12 [V9]   VIX>35 forced SKIP: 3,225 bars
20:18:12 [V9]   RSI+ADX zones: normal=34,160 | oversold->PUT=2,131 oversold->CALL=431 | overbought->CALL=2,096 overbought->PUT=371
20:18:12 [V9]   Labels: CALL=18,127 PUT=19,492 SKIP=171,980
  Frame: 209,076 bars x 184 features | 2015-01-21 -> 2026-06-04
  TRAIN LABEL DISTRIBUTION:
    CALL    8.6%
    PUT     9.3%
    SKIP   82.1%
  Fold 1/8: train<2024-06-28 -> test 2024-07-01..2024-10-01
  Fold 2/8: train<2024-09-28 -> test 2024-10-01..2025-01-01
  Fold 3/8: train<2024-12-29 -> test 2025-01-01..2025-04-01
  Fold 4/8: train<2025-03-29 -> test 2025-04-01..2025-07-01
  Fold 5/8: train<2025-06-28 -> test 2025-07-01..2025-10-01
  Fold 6/8: train<2025-09-28 -> test 2025-10-01..2026-01-01
  Fold 7/8: train<2025-12-29 -> test 2026-01-01..2026-04-01
  Fold 8/8: train<2026-03-29 -> test 2026-04-01..2026-05-01

==============================================================================
  EXECUTION / GEOMETRY / STRUCTURE  (aggregate OOS, post-friction)
==============================================================================
  variant           trades     PF  Sharpe  WinRt           Net
  --------------------------------------------------------------------------
  baseline             618   0.75   -1.50    32%    Rs.-93,430
  widerTP_1.5x         618   0.75   -1.50    32%    Rs.-93,430
  tighterSL_.6x        705   0.68   -2.75    35%   Rs.-123,950
  tightSL+wideTP       703   0.71   -2.23    35%   Rs.-110,796
  debit_spread         640   0.28   -7.89    22%   Rs.-129,842

==============================================================================
  FREQUENCY — keep only top-confidence trades (post-hoc on baseline)
==============================================================================
  keep           trades     PF  Sharpe  WinRt           Net   AvgTrd
  --------------------------------------------------------------------------
  ALL (100%)        618   0.75   -1.50    32%    Rs.-93,430  Rs.-151
  top 75%           463   0.79   -1.03    31%    Rs.-61,193  Rs.-132
  top 50%           309   0.90   -0.35    31%    Rs.-18,980   Rs.-61
  top 25%           155   1.25    0.50    31%    Rs.+24,270  Rs.+157
  top 10%            62   1.73    0.69    37%    Rs.+28,034  Rs.+452

  baseline+conf trades -> logs/exec_baseline_trades.csv
